// Jest Snapshot v1, https://goo.gl/fbAQLP

exports[`Modal should render correctly 1`] = `
.gqsqPu {
  border: 2px solid palevioletred;
  background-color: palevioletred;
  color: white;
  padding: 10px;
  border-radius: 4px;
  cursor: pointer;
  -webkit-transition: 300ms all;
  transition: 300ms all;
  font-size: 16px;
}

.gqsqPu:hover {
  background-color: mediumvioletred;
  border-color: mediumvioletred;
}

.jujSlz {
  border: 2px solid palevioletred;
  background-color: palevioletred;
  color: white;
  padding: 10px;
  border-radius: 4px;
  cursor: pointer;
  -webkit-transition: 300ms all;
  transition: 300ms all;
  font-size: 16px;
  background-color: transparent;
  color: palevioletred;
}

.jujSlz:hover {
  background-color: mediumvioletred;
  border-color: mediumvioletred;
}

.jujSlz:hover {
  background-color: transparent;
  color: mediumvioletred;
}

.FbiyV {
  color: palevioletred;
  padding: 10px 0;
  font-size: 32px;
  margin: 0;
}

.bOTIVh {
  border-bottom: 1px solid palevioletred;
}

.hBmHLN {
  display: -webkit-box;
  display: -webkit-flex;
  display: -ms-flexbox;
  display: flex;
  -webkit-flex-direction: row-reverse;
  -ms-flex-direction: row-reverse;
  flex-direction: row-reverse;
}

.hBmHLN > .sc-bdVaJa {
  margin-left: 10px;
}

.nABcD {
  color: black;
  padding: 5px;
  font-size: 16px;
  line-height: 1.5;
  -webkit-text-align: justify;
  text-align: justify;
}

.eOpneg {
  border: 1px solid gainsboro;
  border-radius: 5px;
  box-shadow: 0 0 10px -2px gainsboro;
  width: 600px;
  padding: 20px;
  box-sizing: border-box;
  background-color: white;
}

<div
  className="sc-bZQynM eOpneg"
>
  <div
    className="sc-bxivhb bOTIVh"
  >
    <h1
      className="sc-htpNat FbiyV"
    >
      Dialog
    </h1>
  </div>
  <p
    className="sc-EHOje nABcD"
  >
    Lorem ipsum dolor sit amet, consectetur adipiscing elit. Quisque a maximus risus. 
                    Mauris pulvinar tellus vitae purus mollis, in finibus sapien eleifend.
  </p>
  <div
    className="sc-ifAKCX hBmHLN"
  >
    <button
      className="sc-bdVaJa gqsqPu"
      onClick={[Function]}
    >
      Save
    </button>
    <button
      className="sc-bwzfXH jujSlz"
    >
      Cancel
    </button>
  </div>
</div>
`;
